// Jest Snapshot v1, https://goo.gl/fbAQLP

exports[`Header renders correctly 1`] = `
<header>
  <NavbarWrapper
    isAuthenticated={false}
    logout={[Function]}
    type="auth"
  />
</header>
`;
